// Jest Snapshot v1, https://goo.gl/fbAQLP

exports[`네비 메뉴 테스트 입니다. 스냅샷 테스트 1`] = `
<div
  data-testid="leftMenu"
>
  <div
    className="MuiDrawer-root MuiDrawer-docked makeStyles-drawerClose-6"
  >
    <div
      className="MuiPaper-root MuiDrawer-paper makeStyles-drawerClose-6 MuiDrawer-paperAnchorLeft MuiDrawer-paperAnchorDockedLeft MuiPaper-elevation0"
    >
      <hr
        className="MuiDivider-root"
      />
      <ul
        className="MuiList-root makeStyles-list-4 MuiList-padding"
      >
        <div
          aria-disabled={false}
          className="MuiButtonBase-root MuiListItem-root MuiListItem-gutters MuiListItem-button"
          onBlur={[Function]}
          onDragLeave={[Function]}
          onFocus={[Function]}
          onKeyDown={[Function]}
          onKeyUp={[Function]}
          onMouseDown={[Function]}
          onMouseLeave={[Function]}
          onMouseUp={[Function]}
          onTouchEnd={[Function]}
          onTouchMove={[Function]}
          onTouchStart={[Function]}
          role="button"
          tabIndex={0}
        >
          <div
            className="MuiListItemIcon-root"
          >
            <svg
              aria-hidden={true}
              className="MuiSvgIcon-root"
              focusable="false"
              viewBox="0 0 24 24"
            >
              <path
                d="M19 3H4.99c-1.11 0-1.98.9-1.98 2L3 19c0 1.1.88 2 1.99 2H19c1.1 0 2-.9 2-2V5c0-1.1-.9-2-2-2zm0 12h-4c0 1.66-1.35 3-3 3s-3-1.34-3-3H4.99V5H19v10zm-3-5h-2V7h-4v3H8l4 4 4-4z"
              />
            </svg>
          </div>
          <div
            className="MuiListItemText-root"
          >
            <span
              className="MuiTypography-root MuiListItemText-primary MuiTypography-body1 MuiTypography-displayBlock"
            >
              Inbox
            </span>
          </div>
        </div>
        <div
          aria-disabled={false}
          className="MuiButtonBase-root MuiListItem-root MuiListItem-gutters MuiListItem-button"
          onBlur={[Function]}
          onDragLeave={[Function]}
          onFocus={[Function]}
          onKeyDown={[Function]}
          onKeyUp={[Function]}
          onMouseDown={[Function]}
          onMouseLeave={[Function]}
          onMouseUp={[Function]}
          onTouchEnd={[Function]}
          onTouchMove={[Function]}
          onTouchStart={[Function]}
          role="button"
          tabIndex={0}
        >
          <div
            className="MuiListItemIcon-root"
          >
            <svg
              aria-hidden={true}
              className="MuiSvgIcon-root"
              focusable="false"
              viewBox="0 0 24 24"
            >
              <path
                d="M20 4H4c-1.1 0-1.99.9-1.99 2L2 18c0 1.1.9 2 2 2h16c1.1 0 2-.9 2-2V6c0-1.1-.9-2-2-2zm0 4l-8 5-8-5V6l8 5 8-5v2z"
              />
            </svg>
          </div>
          <div
            className="MuiListItemText-root"
          >
            <span
              className="MuiTypography-root MuiListItemText-primary MuiTypography-body1 MuiTypography-displayBlock"
            >
              Starred
            </span>
          </div>
        </div>
        <div
          aria-disabled={false}
          className="MuiButtonBase-root MuiListItem-root MuiListItem-gutters MuiListItem-button"
          onBlur={[Function]}
          onDragLeave={[Function]}
          onFocus={[Function]}
          onKeyDown={[Function]}
          onKeyUp={[Function]}
          onMouseDown={[Function]}
          onMouseLeave={[Function]}
          onMouseUp={[Function]}
          onTouchEnd={[Function]}
          onTouchMove={[Function]}
          onTouchStart={[Function]}
          role="button"
          tabIndex={0}
        >
          <div
            className="MuiListItemIcon-root"
          >
            <svg
              aria-hidden={true}
              className="MuiSvgIcon-root"
              focusable="false"
              viewBox="0 0 24 24"
            >
              <path
                d="M19 3H4.99c-1.11 0-1.98.9-1.98 2L3 19c0 1.1.88 2 1.99 2H19c1.1 0 2-.9 2-2V5c0-1.1-.9-2-2-2zm0 12h-4c0 1.66-1.35 3-3 3s-3-1.34-3-3H4.99V5H19v10zm-3-5h-2V7h-4v3H8l4 4 4-4z"
              />
            </svg>
          </div>
          <div
            className="MuiListItemText-root"
          >
            <span
              className="MuiTypography-root MuiListItemText-primary MuiTypography-body1 MuiTypography-displayBlock"
            >
              Send email
            </span>
          </div>
        </div>
        <div
          aria-disabled={false}
          className="MuiButtonBase-root MuiListItem-root MuiListItem-gutters MuiListItem-button"
          onBlur={[Function]}
          onDragLeave={[Function]}
          onFocus={[Function]}
          onKeyDown={[Function]}
          onKeyUp={[Function]}
          onMouseDown={[Function]}
          onMouseLeave={[Function]}
          onMouseUp={[Function]}
          onTouchEnd={[Function]}
          onTouchMove={[Function]}
          onTouchStart={[Function]}
          role="button"
          tabIndex={0}
        >
          <div
            className="MuiListItemIcon-root"
          >
            <svg
              aria-hidden={true}
              className="MuiSvgIcon-root"
              focusable="false"
              viewBox="0 0 24 24"
            >
              <path
                d="M20 4H4c-1.1 0-1.99.9-1.99 2L2 18c0 1.1.9 2 2 2h16c1.1 0 2-.9 2-2V6c0-1.1-.9-2-2-2zm0 4l-8 5-8-5V6l8 5 8-5v2z"
              />
            </svg>
          </div>
          <div
            className="MuiListItemText-root"
          >
            <span
              className="MuiTypography-root MuiListItemText-primary MuiTypography-body1 MuiTypography-displayBlock"
            >
              Drafts
            </span>
          </div>
        </div>
      </ul>
      <hr
        className="MuiDivider-root"
      />
      <ul
        className="MuiList-root makeStyles-list-4 MuiList-padding"
      >
        <div
          aria-disabled={false}
          className="MuiButtonBase-root MuiListItem-root MuiListItem-gutters MuiListItem-button"
          onBlur={[Function]}
          onDragLeave={[Function]}
          onFocus={[Function]}
          onKeyDown={[Function]}
          onKeyUp={[Function]}
          onMouseDown={[Function]}
          onMouseLeave={[Function]}
          onMouseUp={[Function]}
          onTouchEnd={[Function]}
          onTouchMove={[Function]}
          onTouchStart={[Function]}
          role="button"
          tabIndex={0}
        >
          <div
            className="MuiListItemIcon-root"
          >
            <svg
              aria-hidden={true}
              className="MuiSvgIcon-root"
              focusable="false"
              viewBox="0 0 24 24"
            >
              <path
                d="M19 3H4.99c-1.11 0-1.98.9-1.98 2L3 19c0 1.1.88 2 1.99 2H19c1.1 0 2-.9 2-2V5c0-1.1-.9-2-2-2zm0 12h-4c0 1.66-1.35 3-3 3s-3-1.34-3-3H4.99V5H19v10zm-3-5h-2V7h-4v3H8l4 4 4-4z"
              />
            </svg>
          </div>
          <div
            className="MuiListItemText-root"
          >
            <span
              className="MuiTypography-root MuiListItemText-primary MuiTypography-body1 MuiTypography-displayBlock"
            >
              All mail
            </span>
          </div>
        </div>
        <div
          aria-disabled={false}
          className="MuiButtonBase-root MuiListItem-root MuiListItem-gutters MuiListItem-button"
          onBlur={[Function]}
          onDragLeave={[Function]}
          onFocus={[Function]}
          onKeyDown={[Function]}
          onKeyUp={[Function]}
          onMouseDown={[Function]}
          onMouseLeave={[Function]}
          onMouseUp={[Function]}
          onTouchEnd={[Function]}
          onTouchMove={[Function]}
          onTouchStart={[Function]}
          role="button"
          tabIndex={0}
        >
          <div
            className="MuiListItemIcon-root"
          >
            <svg
              aria-hidden={true}
              className="MuiSvgIcon-root"
              focusable="false"
              viewBox="0 0 24 24"
            >
              <path
                d="M20 4H4c-1.1 0-1.99.9-1.99 2L2 18c0 1.1.9 2 2 2h16c1.1 0 2-.9 2-2V6c0-1.1-.9-2-2-2zm0 4l-8 5-8-5V6l8 5 8-5v2z"
              />
            </svg>
          </div>
          <div
            className="MuiListItemText-root"
          >
            <span
              className="MuiTypography-root MuiListItemText-primary MuiTypography-body1 MuiTypography-displayBlock"
            >
              Trash
            </span>
          </div>
        </div>
        <div
          aria-disabled={false}
          className="MuiButtonBase-root MuiListItem-root MuiListItem-gutters MuiListItem-button"
          onBlur={[Function]}
          onDragLeave={[Function]}
          onFocus={[Function]}
          onKeyDown={[Function]}
          onKeyUp={[Function]}
          onMouseDown={[Function]}
          onMouseLeave={[Function]}
          onMouseUp={[Function]}
          onTouchEnd={[Function]}
          onTouchMove={[Function]}
          onTouchStart={[Function]}
          role="button"
          tabIndex={0}
        >
          <div
            className="MuiListItemIcon-root"
          >
            <svg
              aria-hidden={true}
              className="MuiSvgIcon-root"
              focusable="false"
              viewBox="0 0 24 24"
            >
              <path
                d="M19 3H4.99c-1.11 0-1.98.9-1.98 2L3 19c0 1.1.88 2 1.99 2H19c1.1 0 2-.9 2-2V5c0-1.1-.9-2-2-2zm0 12h-4c0 1.66-1.35 3-3 3s-3-1.34-3-3H4.99V5H19v10zm-3-5h-2V7h-4v3H8l4 4 4-4z"
              />
            </svg>
          </div>
          <div
            className="MuiListItemText-root"
          >
            <span
              className="MuiTypography-root MuiListItemText-primary MuiTypography-body1 MuiTypography-displayBlock"
            >
              Spam
            </span>
          </div>
        </div>
      </ul>
    </div>
  </div>
</div>
`;
